<!DOCTYPE HTML>
<html lang=en-US><head><meta charset=UTF-8><title></title></head><body><h1>Document</h1><p>Contents</p></body></html>
